[33mÔØ»[39m Building...
node.exe : 
En línea: 1 Carácter: 1
+ & "C:\Program Files\nodejs/node.exe" "C:\Program 
Files\nodejs/node_mo ...
+ ~~~~~~~~~~~~~~~~~~~~~~~~~~~~~~~~~~~~~~~~~~~~~~~~~~~~~~~~~~~
~~~~~~~~~~
    + CategoryInfo          : NotSpecified: (:String) [], Re 
   moteException
    + FullyQualifiedErrorId : NativeCommandError
 
  polyfills.server.mjs  227.8kb

Done in 455ms
Ôû▓ [WARNING] NG8113: RouterLink is not used within the 
template of GlossaryComponent [plugin angular-compiler]

    src/app/features/glossary/glossary.component.ts:19:39:
      19 Ôöé   imports: [CommonModule, FormsModule, 
RouterLink, SafeHtmlPipe],
         ÔòÁ                                        
~~~~~~~~~~

Ôû▓ [WARNING] NG8113: NgOptimizedImage is not used within 
the template of HomeComponent [plugin angular-compiler]

    src/app/features/home/home.component.ts:36:8:
      36 Ôöé         NgOptimizedImage
         ÔòÁ         ~~~~~~~~~~~~~~~~

ÔùÅ [DEBUG] This call to "require" will not be bundled 
because the argument is not a string literal 
[unsupported-require-call]

    node_modules/express/lib/view.js:72:13:
      72 Ôöé     var fn = require(mod).__express;
         ÔòÁ              ~~~~~~~

ÔùÅ [DEBUG] Resolving import "supports-color" in directory 
"C:\\web_teleahorro\\multi-markt\\node_modules\\debug\\src" 
of type "require-call"

  Checking for package alias matches
    Failed to find any package alias matches
  Read 4 entries for directory 
"C:\\web_teleahorro\\multi-markt\\node_modules\\debug\\src"
  Searching for "supports-color" in "node_modules" 
directories starting from 
"C:\\web_teleahorro\\multi-markt\\node_modules\\debug\\src"
    Parsed package name "supports-color" and package subpath 
"."
    Checking for a package in the directory "C:\\web_teleahor
ro\\multi-markt\\node_modules\\supports-color"
    Read 353 entries for directory 
"C:\\web_teleahorro\\multi-markt\\node_modules"
    Failed to read directory "C:\\web_teleahorro\\multi-markt
\\node_modules\\supports-color": open 
C:\web_teleahorro\multi-markt\node_modules\supports-color: 
El sistema no puede encontrar el archivo especificado.
    Failed to read directory "C:\\web_teleahorro\\multi-markt
\\node_modules\\supports-color"
    Attempting to load "C:\\web_teleahorro\\multi-markt\\node
_modules\\supports-color" as a file
      Checking for file "supports-color"
      Checking for file "supports-color.mjs"
      Checking for file "supports-color.js"
      Checking for file "supports-color.cjs"
      Checking for file "supports-color.ts"
      Checking for file "supports-color.tsx"
      Failed to find file "supports-color"
    Attempting to load "C:\\web_teleahorro\\multi-markt\\node
_modules\\supports-color" as a directory
      Failed to read directory "C:\\web_teleahorro\\multi-mar
kt\\node_modules\\supports-color"

ÔùÅ [DEBUG] Importing "supports-color" was allowed even 
though it could not be resolved because dynamic import 
failures appear to be handled here: [ignored-dynamic-import]

    node_modules/debug/src/node.js:28:32:
      28 Ôöé   const supportsColor = 
require('supports-color');
         ÔòÁ                                 ~~~~~~~~~~~~~~~~

  The handler for dynamic import failures is here:

    node_modules/debug/src/node.js:32:2:
      32 Ôöé } catch (error) {
         ÔòÁ   ~~~~~

2 warnings

  chunk-GFUJZ5OF.js  180.1kb
  chunk-3SWDBDDV.js   76.6kb
  chunk-QCA7MUCC.js   52.8kb
  chunk-CXYA6KJ4.js   40.9kb
  main-CFIYMEDG.js    20.6kb
  ...and 12 more output files...

Done in 3658ms

  server.mjs          785.5kb
  chunk-DJ2XCNBI.mjs  459.7kb
  chunk-RN24PCRE.mjs  198.0kb
  chunk-62CUOF6X.mjs   76.6kb
  chunk-NT5HKMZC.mjs   52.9kb
  ...and 16 more output files...

Done in 3862ms
[32mÔ£ö[39m Building...
[35mBrowser bundles[39m     
[1mInitial chunk files[22m [2m | [22m[1mNames[22m                   [2m | [22m [1mRaw size[22m[2m | [22m[1mEstimated transfer size[22m
[32mchunk-GFUJZ5OF.js[39m   [2m | [22m[2m-[22m                       [2m | [22m[36m184.44 kB[39m[2m | [22m               [36m54.41 kB[39m
[32mchunk-3SWDBDDV.js[39m   [2m | [22m[2m-[22m                       [2m | [22m [36m78.41 kB[39m[2m | [22m               [36m19.47 kB[39m
[32mmain-CFIYMEDG.js[39m    [2m | [22m[2mmain[22m                    [2m | [22m [36m21.08 kB[39m[2m | [22m                [36m4.43 kB[39m
[32mchunk-Z56CL4V7.js[39m   [2m | [22m[2m-[22m                       [2m | [22m  [36m3.45 kB[39m[2m | [22m                [36m1.59 kB[39m
[32mstyles-JUROCIMI.css[39m [2m | [22m[2mstyles[22m                  [2m | [22m  [36m1.07 kB[39m[2m | [22m              [36m445 bytes[39m

[1m [22m                   [2m | [22m[1mInitial total[22m           [2m | [22m[1m288.46 kB[22m[2m | [22m               [1m80.35 kB[22m

[1mLazy chunk files[22m    [2m | [22m[1mNames[22m                   [2m | [22m [1mRaw size[22m[2m | [22m[1mEstimated transfer size[22m
[32mchunk-QCA7MUCC.js[39m   [2m | [22m[2mhome-component[22m          [2m | [22m [36m54.08 kB[39m[2m | [22m               [36m12.17 kB[39m
[32mchunk-CXYA6KJ4.js[39m   [2m | [22m[2m-[22m                       [2m | [22m [36m41.85 kB[39m[2m | [22m                [36m8.72 kB[39m
[32mchunk-MKIIVPMS.js[39m   [2m | [22m[2m-[22m                       [2m | [22m [36m18.32 kB[39m[2m | [22m                [36m5.99 kB[39m
[32mchunk-N7ZTYAWK.js[39m   [2m | [22m[2mglossary-component[22m      [2m | [22m [36m13.25 kB[39m[2m | [22m                [36m4.53 kB[39m
[32mchunk-PS26MFBT.js[39m   [2m | [22m[2mblog-post-component[22m     [2m | [22m [36m10.56 kB[39m[2m | [22m                [36m3.78 kB[39m
[32mchunk-WI2FXTKI.js[39m   [2m | [22m[2msocial-hub-component[22m    [2m | [22m  [36m6.29 kB[39m[2m | [22m                [36m2.13 kB[39m
[32mchunk-BR4G37TL.js[39m   [2m | [22m[2mcomparison-component[22m    [2m | [22m  [36m5.53 kB[39m[2m | [22m                [36m2.05 kB[39m
[32mchunk-YJL34KZI.js[39m   [2m | [22m[2m-[22m                       [2m | [22m  [36m2.94 kB[39m[2m | [22m              [36m971 bytes[39m
[32mchunk-YV6I76XG.js[39m   [2m | [22m[2mblog-list-component[22m     [2m | [22m  [36m2.86 kB[39m[2m | [22m                [36m1.31 kB[39m
[32mchunk-RL4H7GGW.js[39m   [2m | [22m[2mprivacy-policy-component[22m[2m | [22m  [36m2.59 kB[39m[2m | [22m                [36m1.15 kB[39m
[32mchunk-3UI6YDLQ.js[39m   [2m | [22m[2mlegal-notice-component[22m  [2m | [22m  [36m2.30 kB[39m[2m | [22m                [36m1.06 kB[39m
[32mchunk-ECOGESFX.js[39m   [2m | [22m[2mcookies-policy-component[22m[2m | [22m  [36m2.30 kB[39m[2m | [22m                [36m1.05 kB[39m
[32mchunk-S7PPSKEP.js[39m   [2m | [22m[2m-[22m                       [2m | [22m[36m265 bytes[39m[2m | [22m              [36m265 bytes[39m


[35mServer bundles[39m      
[1mInitial chunk files[22m [2m | [22m[1mNames[22m                   [2m | [22m [1mRaw size[22m
[32mserver.mjs[39m          [2m | [22m[2mserver[22m                  [2m | [22m[36m804.37 kB[39m[2m | [22m                       
[32mchunk-DJ2XCNBI.mjs[39m  [2m | [22m[2m-[22m                       [2m | [22m[36m470.76 kB[39m[2m | [22m                       
[32mpolyfills.server.mjs[39m[2m | [22m[2mpolyfills.server[22m        [2m | [22m[36m233.25 kB[39m[2m | [22m                       
[32mchunk-RN24PCRE.mjs[39m  [2m | [22m[2m-[22m                       [2m | [22m[36m202.76 kB[39m[2m | [22m                       
[32mchunk-62CUOF6X.mjs[39m  [2m | [22m[2m-[22m                       [2m | [22m [36m78.49 kB[39m[2m | [22m                       
[32mchunk-T5H7QJVS.mjs[39m  [2m | [22m[2m-[22m                       [2m | [22m  [36m3.48 kB[39m[2m | [22m                       
[32mchunk-N7QBYMCK.mjs[39m  [2m | [22m[2m-[22m                       [2m | [22m  [36m1.36 kB[39m[2m | [22m                       
[32mmain.server.mjs[39m     [2m | [22m[2mmain.server[22m             [2m | [22m[36m452 bytes[39m[2m | [22m                       

[1mLazy chunk files[22m    [2m | [22m[1mNames[22m                   [2m | [22m [1mRaw size[22m
[32mchunk-NT5HKMZC.mjs[39m  [2m | [22m[2mhome-component[22m          [2m | [22m [36m54.14 kB[39m[2m | [22m                       
[32mchunk-A5U46I3M.mjs[39m  [2m | [22m[2m-[22m                       [2m | [22m [36m41.92 kB[39m[2m | [22m                       
[32mchunk-P5SMZ2A2.mjs[39m  [2m | [22m[2m-[22m                       [2m | [22m [36m18.35 kB[39m[2m | [22m                       
[32mchunk-KIBAABQN.mjs[39m  [2m | [22m[2mglossary-component[22m      [2m | [22m [36m13.32 kB[39m[2m | [22m                       
[32mchunk-5WMVLZXW.mjs[39m  [2m | [22m[2mxhr2[22m                    [2m | [22m [36m12.07 kB[39m[2m | [22m                       
[32mchunk-ZMRCA5VY.mjs[39m  [2m | [22m[2mblog-post-component[22m     [2m | [22m [36m10.63 kB[39m[2m | [22m                       
[32mchunk-MS3DDSMG.mjs[39m  [2m | [22m[2msocial-hub-component[22m    [2m | [22m  [36m6.36 kB[39m[2m | [22m                       
[32mchunk-ZI6V7H2W.mjs[39m  [2m | [22m[2mcomparison-component[22m    [2m | [22m  [36m5.60 kB[39m[2m | [22m                       
[32mchunk-LUP7PENW.mjs[39m  [2m | [22m[2m-[22m                       [2m | [22m  [36m2.97 kB[39m[2m | [22m                       
[32mchunk-CKOJNAUO.mjs[39m  [2m | [22m[2mblog-list-component[22m     [2m | [22m  [36m2.92 kB[39m[2m | [22m                       
[32mchunk-P4WRQGDD.mjs[39m  [2m | [22m[2mprivacy-policy-component[22m[2m | [22m  [36m2.65 kB[39m[2m | [22m                       
[32mchunk-G67GLTNP.mjs[39m  [2m | [22m[2mlegal-notice-component[22m  [2m | [22m  [36m2.37 kB[39m[2m | [22m                       
[32mchunk-TBA4L7NJ.mjs[39m  [2m | [22m[2mcookies-policy-component[22m[2m | [22m  [36m2.36 kB[39m[2m | [22m                       
[32mchunk-FGULR33N.mjs[39m  [2m | [22m[2m-[22m                       [2m | [22m[36m299 bytes[39m[2m | [22m                       

[35mPrerendered 23 static routes.[39m
Application bundle generation failed. [6.021 seconds] - 2026-04-15T16:41:33.469Z

[1m[33m[33mÔû▓ [43;33m[[43;30mWARNING[43;33m][0m 
[1mNG8113: RouterLink is not used within the template of 
GlossaryComponent[0m [1m[35m[plugin angular-compiler][0m

    src/app/features/glossary/glossary.component.ts:19:39:
[37m      19 Ôöé   imports: [CommonModule, FormsModule, 
[32mRouterLink[37m, SafeHtmlPipe],
         ÔòÁ                                        
[32m~~~~~~~~~~[0m


[33mÔû▓ [43;33m[[43;30mWARNING[43;33m][0m [1mNG8113: 
NgOptimizedImage is not used within the template of 
HomeComponent[0m [1m[35m[plugin angular-compiler][0m

    src/app/features/home/home.component.ts:36:8:
[37m      36 Ôöé         [32mNgOptimizedImage[37m
         ÔòÁ         [32m~~~~~~~~~~~~~~~~[0m


[33mÔû▓ [43;33m[[43;30mWARNING[43;33m][0m 
[1msrc/app/features/home/home.component.scss exceeded 
maximum budget. Budget 4.00 kB was not met by 5.37 kB with a 
total of 9.37 kB.[0m


[33mÔû▓ [43;33m[[43;30mWARNING[43;33m][0m 
[1msrc/app/shared/components/footer/footer.component.scss 
exceeded maximum budget. Budget 4.00 kB was not met by 2.12 
kB with a total of 6.12 kB.[0m

[39m[22m
[1m[31m[31mX [41;31m[[41;97mERROR[41;31m][0m 
[1msrc/app/features/home/home.component.scss exceeded 
maximum budget. Budget 8.00 kB was not met by 1.37 kB with a 
total of 9.37 kB.[0m

[39m[22m
